\BOOKMARK [0][-]{chapter.1}{Introduction}{}
\BOOKMARK [1][-]{section.1.1}{Software Dependencies}{chapter.1}
\BOOKMARK [1][-]{section.1.2}{Installation}{chapter.1}
\BOOKMARK [0][-]{chapter.2}{Getting Started}{}
\BOOKMARK [1][-]{section.2.1}{Running ePiX}{chapter.2}
\BOOKMARK [1][-]{section.2.2}{A Sample File}{chapter.2}
\BOOKMARK [1][-]{section.2.3}{Basic Picture Concepts}{chapter.2}
\BOOKMARK [1][-]{section.2.4}{Logical Size, and Aspect Ratio}{chapter.2}
\BOOKMARK [1][-]{section.2.5}{Creating and Drawing Objects}{chapter.2}
\BOOKMARK [1][-]{section.2.6}{The Camera}{chapter.2}
\BOOKMARK [1][-]{section.2.7}{Drawing Attributes}{chapter.2}
\BOOKMARK [1][-]{section.2.8}{Typography}{chapter.2}
\BOOKMARK [1][-]{section.2.9}{C++ Basics}{chapter.2}
\BOOKMARK [1][-]{section.2.10}{High-Level Picture Elements}{chapter.2}
\BOOKMARK [1][-]{section.2.11}{Basic Plotting}{chapter.2}
\BOOKMARK [0][-]{chapter.3}{Reference Manual}{}
\BOOKMARK [1][-]{section.3.1}{More About C++}{chapter.3}
\BOOKMARK [1][-]{section.3.2}{The Camera}{chapter.3}
\BOOKMARK [1][-]{section.3.3}{Clipping and Cropping}{chapter.3}
\BOOKMARK [1][-]{section.3.4}{Attributes}{chapter.3}
\BOOKMARK [1][-]{section.3.5}{The Path Class}{chapter.3}
\BOOKMARK [1][-]{section.3.6}{Geometric Data Structures}{chapter.3}
\BOOKMARK [1][-]{section.3.7}{Domains and Plotting}{chapter.3}
\BOOKMARK [1][-]{section.3.8}{Non-Euclidean Geometry}{chapter.3}
\BOOKMARK [1][-]{section.3.9}{Animation}{chapter.3}
\BOOKMARK [1][-]{section.3.10}{Troubleshooting}{chapter.3}
\BOOKMARK [0][-]{chapter.4}{Advanced Topics}{}
\BOOKMARK [1][-]{section.4.1}{Hidden Object Removal}{chapter.4}
\BOOKMARK [1][-]{section.4.2}{Extensions}{chapter.4}
\BOOKMARK [0][-]{appendix.A}{Software Freedom}{}
\BOOKMARK [0][-]{appendix.B}{Acknowledgments}{}
